// Vitest Snapshot v1, https://vitest.dev/guide/snapshot.html

exports[`certified query > should verify lots of query certificates > whoami seed 0 1`] = `"535yc-uxytb-gfk7h-tny7p-vjkoe-i4krp-3qmcl-uqfgr-cpgej-yqtjq-rqe"`;

exports[`certified query > should verify lots of query certificates > whoami seed 1 1`] = `"wf3fv-4c4nr-7ks2b-xa4u7-kf3no-32glf-lf7e4-4ng4a-wwtlu-a2vnq-nae"`;

exports[`certified query > should verify lots of query certificates > whoami seed 2 1`] = `"52mr2-fw2ng-2ofst-7jekz-xbymo-3ysz7-itwdk-bgstz-r7g4g-oz5vi-pqe"`;

exports[`certified query > should verify lots of query certificates > whoami seed 3 1`] = `"skpwg-42fe4-eyep5-nfyz7-66wvg-hthea-q3eek-vonbv-5wpxs-nxhmh-fqe"`;

exports[`certified query > should verify lots of query certificates > whoami seed 4 1`] = `"ghaya-cncjm-ntxgt-af5pp-6hzsz-tvwlv-hrlfc-ocq3t-ai7vk-vyixr-cqe"`;

exports[`certified query > should verify lots of query certificates > whoami seed 5 1`] = `"ebtho-zkeqd-ebs74-f5if3-lk6js-3a5q5-37xt4-3ylns-h7r4n-tkhly-aqe"`;

exports[`certified query > should verify lots of query certificates > whoami seed 6 1`] = `"5zqn5-627q2-spx2w-mt6bm-llsnz-gipvv-5femn-3box4-vzuh6-bn723-sae"`;

exports[`certified query > should verify lots of query certificates > whoami seed 7 1`] = `"tek7g-2zmny-nzjwg-ansf7-rkxv6-z32x6-3flbb-ous5d-pygjx-wkhlc-jae"`;

exports[`certified query > should verify lots of query certificates > whoami seed 8 1`] = `"jjn6g-sh75l-r3cxb-wxrkl-frqld-6p6qq-d4ato-wske5-op7s5-n566f-bqe"`;

exports[`certified query > should verify lots of query certificates > whoami seed 9 1`] = `"447dk-byguq-fqkfn-7h4r6-lpk74-itbnh-mkutj-m6tmy-igaff-hmfel-cqe"`;

exports[`certified query > should verify lots of query certificates > whoami seed 10 1`] = `"muo3f-ines5-bxbwm-6wi5e-z663m-3zte2-r7d4x-pleey-xqvxt-scwc5-jae"`;

exports[`certified query > should verify lots of query certificates > whoami seed 11 1`] = `"snzff-yj2qd-fjns7-lqhvw-rsgq7-tohk2-fjnw4-uq3d6-wtk56-pxgry-mqe"`;

exports[`certified query > should verify lots of query certificates > whoami seed 12 1`] = `"pb54o-aqais-24v7j-msopl-bqeuv-paefp-vuoqc-gkezk-grujb-oetl6-sae"`;

exports[`certified query > should verify lots of query certificates > whoami seed 13 1`] = `"bf37n-7ybos-wmqt6-yiov5-24q4m-ajpjk-madkr-snuj2-ngruk-tspnh-aqe"`;

exports[`certified query > should verify lots of query certificates > whoami seed 14 1`] = `"tbjmy-vay5e-hqvv6-sval4-zfxmm-aii6f-b7p55-hwtz5-dejtl-qcuh2-aqe"`;

exports[`certified query > should verify lots of query certificates > whoami seed 15 1`] = `"7d3pe-dh4ov-fp5xz-nctjc-5rduh-gzv3t-5ioyh-4dvx3-x4lgj-hz63t-dqe"`;

exports[`certified query > should verify lots of query certificates > whoami seed 16 1`] = `"37axv-sazcg-75pi3-owhxr-kollq-xnzjz-zfxsv-nzdbp-yaelp-shcul-jae"`;

exports[`certified query > should verify lots of query certificates > whoami seed 17 1`] = `"r772c-4dz5f-rpg4e-qzxgg-7bxlb-67zpu-bitgb-vsx7k-mmagd-6zk3d-4qe"`;

exports[`certified query > should verify lots of query certificates > whoami seed 18 1`] = `"knkon-d3kx7-du4wt-r2fo6-uwc5a-hwhkk-m7snf-nxfhu-6bhgb-k6dn5-wae"`;

exports[`certified query > should verify lots of query certificates > whoami seed 19 1`] = `"entn3-mas6a-37smu-vadtg-wgsno-zokif-vyphu-umase-lfwqe-dmcrk-kae"`;
