// Vitest Snapshot v1, https://vitest.dev/guide/snapshot.html

exports[`syncTime > on async creation > should sync time on when enabled > V3 read state body one 1`] = `
{
  "content": {
    "ingress_expiry": "1746103080000000000",
    "paths": [
      [
        Uint8Array [
          116,
          105,
          109,
          101,
        ],
      ],
    ],
    "request_type": "read_state",
    "sender": Any<Uint8Array>,
  },
}
`;

exports[`syncTime > on async creation > should sync time on when enabled > V3 read state body three 1`] = `
{
  "content": {
    "ingress_expiry": "1746103080000000000",
    "paths": [
      [
        Uint8Array [
          116,
          105,
          109,
          101,
        ],
      ],
    ],
    "request_type": "read_state",
    "sender": Any<Uint8Array>,
  },
}
`;

exports[`syncTime > on async creation > should sync time on when enabled > V3 read state body two 1`] = `
{
  "content": {
    "ingress_expiry": "1746103080000000000",
    "paths": [
      [
        Uint8Array [
          116,
          105,
          109,
          101,
        ],
      ],
    ],
    "request_type": "read_state",
    "sender": Any<Uint8Array>,
  },
}
`;

exports[`syncTime > on error > should not sync time by default > V3 call body 1`] = `
{
  "content": {
    "arg": Uint8Array [
      68,
      73,
      68,
      76,
      0,
      1,
      113,
      5,
      119,
      111,
      114,
      108,
      100,
    ],
    "canister_id": Uint8Array [
      0,
    ],
    "ingress_expiry": "1746103080000000000",
    "method_name": "greet",
    "nonce": Any<Uint8Array>,
    "request_type": "call",
    "sender": Any<Uint8Array>,
  },
  "sender_pubkey": Any<Uint8Array>,
  "sender_sig": Any<Uint8Array>,
}
`;

exports[`syncTime > on error > should sync time when the local time does not match the subnet time > V2 read state body one 1`] = `
{
  "content": {
    "ingress_expiry": "1746103080000000000",
    "paths": [
      [
        Uint8Array [
          116,
          105,
          109,
          101,
        ],
      ],
    ],
    "request_type": "read_state",
    "sender": Any<Uint8Array>,
  },
}
`;

exports[`syncTime > on error > should sync time when the local time does not match the subnet time > V3 call body 1`] = `
{
  "content": {
    "arg": Uint8Array [
      68,
      73,
      68,
      76,
      0,
      1,
      113,
      5,
      119,
      111,
      114,
      108,
      100,
    ],
    "canister_id": Uint8Array [
      0,
    ],
    "ingress_expiry": "1746103080000000000",
    "method_name": "greet",
    "nonce": Any<Uint8Array>,
    "request_type": "call",
    "sender": Any<Uint8Array>,
  },
  "sender_pubkey": Any<Uint8Array>,
  "sender_sig": Any<Uint8Array>,
}
`;

exports[`syncTime > on error > should sync time when the local time does not match the subnet time > V3 read state body one 1`] = `
{
  "content": {
    "ingress_expiry": "1746103080000000000",
    "paths": [
      [
        Uint8Array [
          116,
          105,
          109,
          101,
        ],
      ],
    ],
    "request_type": "read_state",
    "sender": Any<Uint8Array>,
  },
}
`;

exports[`syncTime > on error > should sync time when the local time does not match the subnet time > V3 read state body three 1`] = `
{
  "content": {
    "ingress_expiry": "1746103080000000000",
    "paths": [
      [
        Uint8Array [
          116,
          105,
          109,
          101,
        ],
      ],
    ],
    "request_type": "read_state",
    "sender": Any<Uint8Array>,
  },
}
`;

exports[`syncTime > on error > should sync time when the local time does not match the subnet time > V3 read state body two 1`] = `
{
  "content": {
    "ingress_expiry": "1746103080000000000",
    "paths": [
      [
        Uint8Array [
          116,
          105,
          109,
          101,
        ],
      ],
    ],
    "request_type": "read_state",
    "sender": Any<Uint8Array>,
  },
}
`;

exports[`syncTime > on first call > should not sync time by default > V3 call body 1`] = `
{
  "content": {
    "arg": Uint8Array [
      68,
      73,
      68,
      76,
      0,
      1,
      113,
      5,
      119,
      111,
      114,
      108,
      100,
    ],
    "canister_id": Uint8Array [
      0,
    ],
    "ingress_expiry": "1746103080000000000",
    "method_name": "greet",
    "nonce": Any<Uint8Array>,
    "request_type": "call",
    "sender": Any<Uint8Array>,
  },
  "sender_pubkey": Any<Uint8Array>,
  "sender_sig": Any<Uint8Array>,
}
`;

exports[`syncTime > on first call > should not sync time when explicitly disabled > V3 call body 1`] = `
{
  "content": {
    "arg": Uint8Array [
      68,
      73,
      68,
      76,
      0,
      1,
      113,
      5,
      119,
      111,
      114,
      108,
      100,
    ],
    "canister_id": Uint8Array [
      0,
    ],
    "ingress_expiry": "1746103080000000000",
    "method_name": "greet",
    "nonce": Any<Uint8Array>,
    "request_type": "call",
    "sender": Any<Uint8Array>,
  },
  "sender_pubkey": Any<Uint8Array>,
  "sender_sig": Any<Uint8Array>,
}
`;

exports[`syncTime > on first call > should sync time when enabled > V3 call body 1`] = `
{
  "content": {
    "arg": Uint8Array [
      68,
      73,
      68,
      76,
      0,
      1,
      113,
      5,
      119,
      111,
      114,
      108,
      100,
    ],
    "canister_id": Uint8Array [
      0,
    ],
    "ingress_expiry": "1746103080000000000",
    "method_name": "greet",
    "nonce": Any<Uint8Array>,
    "request_type": "call",
    "sender": Any<Uint8Array>,
  },
  "sender_pubkey": Any<Uint8Array>,
  "sender_sig": Any<Uint8Array>,
}
`;

exports[`syncTime > on first call > should sync time when enabled > V3 read state body one 1`] = `
{
  "content": {
    "ingress_expiry": "1746103080000000000",
    "paths": [
      [
        Uint8Array [
          116,
          105,
          109,
          101,
        ],
      ],
    ],
    "request_type": "read_state",
    "sender": Any<Uint8Array>,
  },
}
`;

exports[`syncTime > on first call > should sync time when enabled > V3 read state body three 1`] = `
{
  "content": {
    "ingress_expiry": "1746103080000000000",
    "paths": [
      [
        Uint8Array [
          116,
          105,
          109,
          101,
        ],
      ],
    ],
    "request_type": "read_state",
    "sender": Any<Uint8Array>,
  },
}
`;

exports[`syncTime > on first call > should sync time when enabled > V3 read state body two 1`] = `
{
  "content": {
    "ingress_expiry": "1746103080000000000",
    "paths": [
      [
        Uint8Array [
          116,
          105,
          109,
          101,
        ],
      ],
    ],
    "request_type": "read_state",
    "sender": Any<Uint8Array>,
  },
}
`;
